===== ANALYST nemotron3 2026-08-07 18:43:32 UTC =====
[0m
> build · nemotron-3-ultra-free
[0m
[0m$ [0mls -la
total 80
drwxr-xr-x 9 runner runner 4096 Aug  7 18:28 .
drwxr-xr-x 3 runner runner 4096 Aug  7 18:28 ..
drwxr-xr-x 7 runner runner 4096 Aug  7 18:28 .git
drwxr-xr-x 3 runner runner 4096 Aug  7 18:28 .github
-rw-r--r-- 1 runner runner 1057 Aug  7 18:28 README.md
-rw-r--r-- 1 runner runner   43 Aug  7 18:28 analyst-out.txt
-rw-r--r-- 1 runner runner 5425 Aug  7 18:28 analyst-prompt.txt
-rw-r--r-- 1 runner runner 2453 Aug  7 18:28 ctx.txt
drwxr-xr-x 2 runner runner 4096 Aug  7 18:28 inventory
drwxr-xr-x 2 runner runner 4096 Aug  7 18:28 knowledge
drwxr-xr-x 2 runner runner 4096 Aug  7 18:28 leads
drwxr-xr-x 2 runner runner 4096 Aug  7 18:28 reports
-rw-r--r-- 1 runner runner 1513 Aug  7 18:28 scope.yml
drwxr-xr-x 2 runner runner 4096 Aug  7 18:28 scripts
-rw-r--r-- 1 runner runner   36 Aug  7 18:28 state_bigpickle.json
-rw-r--r-- 1 runner runner   39 Aug  7 18:28 state_laguna.json
-rw-r--r-- 1 runner runner   36 Aug  7 18:28 state_ling3.json
-rw-r--r-- 1 runner runner   36 Aug  7 18:28 state_longcat.json
-rw-r--r-- 1 runner runner   39 Aug  7 18:28 state_nemotron3.json
[0m
[0m→ [0mRead scope.yml
[0m→ [0mRead README.md
[0m
[0m$ [0mls -la inventory/ knowledge/ leads/ reports/ scripts/
inventory/:
total 12
drwxr-xr-x 2 runner runner 4096 Aug  7 18:28 .
drwxr-xr-x 9 runner runner 4096 Aug  7 18:28 ..
-rw-r--r-- 1 runner runner  741 Aug  7 18:28 whale.md

knowledge/:
total 12
drwxr-xr-x 2 runner runner 4096 Aug  7 18:28 .
drwxr-xr-x 9 runner runner 4096 Aug  7 18:28 ..
-rw-r--r-- 1 runner runner  963 Aug  7 18:28 index.md

leads/:
total 28
drwxr-xr-x 2 runner runner 4096 Aug  7 18:28 .
drwxr-xr-x 9 runner runner 4096 Aug  7 18:28 ..
-rw-r--r-- 1 runner runner   84 Aug  7 18:28 lead-bigpickle.md
-rw-r--r-- 1 runner runner   81 Aug  7 18:28 lead-laguna.md
-rw-r--r-- 1 runner runner   80 Aug  7 18:28 lead-ling3.md
-rw-r--r-- 1 runner runner   82 Aug  7 18:28 lead-longcat.md
-rw-r--r-- 1 runner runner   84 Aug  7 18:28 lead-nemotron3.md

reports/:
total 16
drwxr-xr-x 2 runner runner 4096 Aug  7 18:28 .
drwxr-xr-x 9 runner runner 4096 Aug  7 18:28 ..
-rw-r--r-- 1 runner runner  495 Aug  7 18:28 hypotheses.md
-rw-r--r-- 1 runner runner  136 Aug  7 18:28 valid-bugs.md

scripts/:
total 16
drwxr-xr-x 2 runner runner 4096 Aug  7 18:28 .
drwxr-xr-x 9 runner runner 4096 Aug  7 18:28 ..
-rw-r--r-- 1 runner runner 7506 Aug  7 18:28 sync-issues.py
[0m
[0m→ [0mRead inventory/whale.md
[0m→ [0mRead knowledge/index.md
[0m→ [0mRead leads/lead-nemotron3.md
[0m→ [0mRead reports/hypotheses.md
[0m→ [0mRead scripts/sync-issues.py
[0m→ [0mRead state_nemotron3.json
[0m
[0m$ [0mgh repo view naver/whale-browser-developers --json name,description,url,languages,updatedAt,stargazerCount 2>/dev/null || echo "gh not available or no auth"
gh not available or no auth
[0m
[0m$ [0mgit clone --depth 1 https://github.com/naver/whale-browser-developers.git /tmp/whale-browser-developers 2>&1 | tail -5
Cloning into '/tmp/whale-browser-developers'...
[0m
[0m$ [0mls -la /tmp/whale-browser-developers/
total 24
drwxr-xr-x  4 runner runner  4096 Aug  7 18:29 .
drwxrwxrwt 15 root   root   12288 Aug  7 18:29 ..
drwxr-xr-x  7 runner runner  4096 Aug  7 18:29 .git
drwxr-xr-x  3 runner runner  4096 Aug  7 18:29 translation
[0m
[0m$ [0mfind /tmp/whale-browser-developers -type f -name "*.md" -o -name "*.txt" -o -name "*.json" -o -name "*.yml" -o -name "*.yaml" 2>/dev/null | head -30
/tmp/whale-browser-developers/translation/chromium/docs/how_cc_works.md
[0m
This repo seems to be mostly for translation/documentation purposes. Let me check the translation directory work/whale-hunt/whale-hunt
